// Jest Snapshot v1, https://goo.gl/fbAQLP

exports[`#createWorkspaceEntity should convert to entity 1`] = `
Object {
  "_class": Array [
    "Account",
  ],
  "_key": "databricks_workspace:3840207185082406.6",
  "_rawData": Array [
    Object {
      "name": "default",
      "rawData": Object {
        "id": "3840207185082406.6",
      },
    },
  ],
  "_type": "databricks_workspace",
  "createdOn": undefined,
  "displayName": "3840207185082406.6",
  "id": "3840207185082406.6",
  "name": "3840207185082406.6",
}
`;
