// Jest Snapshot v1, https://goo.gl/fbAQLP

exports[`#fetchWorkspaceDetails should collect data 1`] = `
Object {
  "collectedEntities": Array [
    Object {
      "_class": Array [
        "Account",
      ],
      "_key": "databricks_workspace:dbc-c50dbe80-ed72.cloud.databricks.com",
      "_rawData": Array [
        Object {
          "name": "default",
          "rawData": Object {
            "id": "dbc-c50dbe80-ed72.cloud.databricks.com",
          },
        },
      ],
      "_type": "databricks_workspace",
      "createdOn": undefined,
      "displayName": "dbc-c50dbe80-ed72.cloud.databricks.com",
      "id": "dbc-c50dbe80-ed72.cloud.databricks.com",
      "name": "dbc-c50dbe80-ed72.cloud.databricks.com",
    },
  ],
  "encounteredTypes": Array [
    "databricks_workspace",
  ],
  "numCollectedEntities": 1,
}
`;
